Archive member included because of file (symbol)

/Users/bertouttier/development/workspaces/LPCXpresso/phyx_11u35_board_lib/Debug/libphyx_11u35_board_lib.a(board.o)
                              ./example/src/hid_main.o (Board_Init)
/Users/bertouttier/development/workspaces/LPCXpresso/phyx_11u35_board_lib/Debug/libphyx_11u35_board_lib.a(board_sysinit.o)
                              ./example/src/sysinit.o (Board_SystemInit)
/Users/bertouttier/development/workspaces/LPCXpresso/lpc_chip_11uxx_lib/Debug/liblpc_chip_11uxx_lib.a(clock_11xx.o)
                              /Users/bertouttier/development/workspaces/LPCXpresso/phyx_11u35_board_lib/Debug/libphyx_11u35_board_lib.a(board_sysinit.o) (Chip_Clock_SetSystemPLLSource)
/Users/bertouttier/development/workspaces/LPCXpresso/lpc_chip_11uxx_lib/Debug/liblpc_chip_11uxx_lib.a(gpio_11xx_1.o)
                              /Users/bertouttier/development/workspaces/LPCXpresso/phyx_11u35_board_lib/Debug/libphyx_11u35_board_lib.a(board.o) (Chip_GPIO_Init)
/Users/bertouttier/development/workspaces/LPCXpresso/lpc_chip_11uxx_lib/Debug/liblpc_chip_11uxx_lib.a(iocon_11xx.o)
                              /Users/bertouttier/development/workspaces/LPCXpresso/phyx_11u35_board_lib/Debug/libphyx_11u35_board_lib.a(board.o) (Chip_IOCON_PinMuxSet)
/Users/bertouttier/development/workspaces/LPCXpresso/lpc_chip_11uxx_lib/Debug/liblpc_chip_11uxx_lib.a(sysctl_11xx.o)
                              /Users/bertouttier/development/workspaces/LPCXpresso/phyx_11u35_board_lib/Debug/libphyx_11u35_board_lib.a(board_sysinit.o) (Chip_SYSCTL_PowerDown)
/Applications/lpcxpresso_7.7.2_379/lpcxpresso/tools/bin/../lib/gcc/arm-none-eabi/4.9.3/../../../../arm-none-eabi/lib/armv6-m/libcr_nohost.a(_cr__main.o)
                              ./example/src/cr_startup_lpc11xx.o (__main)
/Applications/lpcxpresso_7.7.2_379/lpcxpresso/tools/bin/../lib/gcc/arm-none-eabi/4.9.3/../../../../arm-none-eabi/lib/armv6-m/libcr_c.a(memcpy.o)
                              ./example/src/hid_keyboard.o (memcpy)
/Applications/lpcxpresso_7.7.2_379/lpcxpresso/tools/bin/../lib/gcc/arm-none-eabi/4.9.3/../../../../arm-none-eabi/lib/armv6-m/libcr_c.a(memset.o)
                              ./example/src/hid_keyboard.o (memset)
/Applications/lpcxpresso_7.7.2_379/lpcxpresso/tools/bin/../lib/gcc/arm-none-eabi/4.9.3/../../../../arm-none-eabi/lib/armv6-m/libcr_c.a(initio.o)
                              /Applications/lpcxpresso_7.7.2_379/lpcxpresso/tools/bin/../lib/gcc/arm-none-eabi/4.9.3/../../../../arm-none-eabi/lib/armv6-m/libcr_nohost.a(_cr__main.o) (_initio)
/Applications/lpcxpresso_7.7.2_379/lpcxpresso/tools/bin/../lib/gcc/arm-none-eabi/4.9.3/../../../../arm-none-eabi/lib/armv6-m/libcr_c.a(setvbuf.o)
                              /Applications/lpcxpresso_7.7.2_379/lpcxpresso/tools/bin/../lib/gcc/arm-none-eabi/4.9.3/../../../../arm-none-eabi/lib/armv6-m/libcr_c.a(initio.o) (setvbuf)
/Applications/lpcxpresso_7.7.2_379/lpcxpresso/tools/bin/../lib/gcc/arm-none-eabi/4.9.3/../../../../arm-none-eabi/lib/armv6-m/libcr_c.a(stdio.o)
                              /Applications/lpcxpresso_7.7.2_379/lpcxpresso/tools/bin/../lib/gcc/arm-none-eabi/4.9.3/../../../../arm-none-eabi/lib/armv6-m/libcr_c.a(initio.o) (__Ciob)
/Applications/lpcxpresso_7.7.2_379/lpcxpresso/tools/bin/../lib/gcc/arm-none-eabi/4.9.3/../../../../arm-none-eabi/lib/armv6-m/libcr_c.a(__fillbuf.o)
                              /Applications/lpcxpresso_7.7.2_379/lpcxpresso/tools/bin/../lib/gcc/arm-none-eabi/4.9.3/../../../../arm-none-eabi/lib/armv6-m/libcr_c.a(stdio.o) (__filbuf)
/Applications/lpcxpresso_7.7.2_379/lpcxpresso/tools/bin/../lib/gcc/arm-none-eabi/4.9.3/../../../../arm-none-eabi/lib/armv6-m/libcr_c.a(_deferredlazyseek.o)
                              /Applications/lpcxpresso_7.7.2_379/lpcxpresso/tools/bin/../lib/gcc/arm-none-eabi/4.9.3/../../../../arm-none-eabi/lib/armv6-m/libcr_c.a(__fillbuf.o) (_deferredlazyseek)
/Applications/lpcxpresso_7.7.2_379/lpcxpresso/tools/bin/../lib/gcc/arm-none-eabi/4.9.3/../../../../arm-none-eabi/lib/armv6-m/libcr_c.a(_fdopen.o)
                              /Applications/lpcxpresso_7.7.2_379/lpcxpresso/tools/bin/../lib/gcc/arm-none-eabi/4.9.3/../../../../arm-none-eabi/lib/armv6-m/libcr_c.a(initio.o) (_fdopen)
/Applications/lpcxpresso_7.7.2_379/lpcxpresso/tools/bin/../lib/gcc/arm-none-eabi/4.9.3/../../../../arm-none-eabi/lib/armv6-m/libcr_c.a(_fflush.o)
                              /Applications/lpcxpresso_7.7.2_379/lpcxpresso/tools/bin/../lib/gcc/arm-none-eabi/4.9.3/../../../../arm-none-eabi/lib/armv6-m/libcr_c.a(__fillbuf.o) (_fflush)
/Applications/lpcxpresso_7.7.2_379/lpcxpresso/tools/bin/../lib/gcc/arm-none-eabi/4.9.3/../../../../arm-none-eabi/lib/armv6-m/libcr_c.a(_writebuf.o)
                              /Applications/lpcxpresso_7.7.2_379/lpcxpresso/tools/bin/../lib/gcc/arm-none-eabi/4.9.3/../../../../arm-none-eabi/lib/armv6-m/libcr_c.a(_deferredlazyseek.o) (_Cwritebuf)
[...]
Memory Configuration

Name             Origin             Length             Attributes
MFlash64         0x0000000000000000 0x0000000000010000 xr
RamLoc8          0x0000000010000000 0x0000000000002000 xrw
RamUsb2          0x0000000020004000 0x0000000000000800 xrw
SRAM1_2          0x0000000020000000 0x0000000000000800 xrw
*default*        0x0000000000000000 0xffffffffffffffff

Linker script and memory map

LOAD ./example/src/cr_startup_lpc11xx.o
LOAD ./example/src/hid_desc.o
LOAD ./example/src/hid_keyboard.o
LOAD ./example/src/hid_main.o
LOAD ./example/src/ms_timer.o
LOAD ./example/src/sysinit.o
LOAD /Users/bertouttier/development/workspaces/LPCXpresso/phyx_11u35_board_lib/Debug/libphyx_11u35_board_lib.a
LOAD /Users/bertouttier/development/workspaces/LPCXpresso/lpc_chip_11uxx_lib/Debug/liblpc_chip_11uxx_lib.a
START GROUP
LOAD /Applications/lpcxpresso_7.7.2_379/lpcxpresso/tools/bin/../lib/gcc/arm-none-eabi/4.9.3/../../../../arm-none-eabi/lib/armv6-m/libcr_nohost.a
LOAD /Applications/lpcxpresso_7.7.2_379/lpcxpresso/tools/bin/../lib/gcc/arm-none-eabi/4.9.3/../../../../arm-none-eabi/lib/armv6-m/libcr_c.a
LOAD /Applications/lpcxpresso_7.7.2_379/lpcxpresso/tools/bin/../lib/gcc/arm-none-eabi/4.9.3/armv6-m/libcr_eabihelpers.a
END GROUP
                0x0000000000010000                __top_MFlash64 = 0x10000
                0x0000000010002000                __top_RamLoc8 = 0x10002000
                0x0000000020004800                __top_RamUsb2 = 0x20004800
                0x0000000020000800                __top_SRAM1_2 = 0x20000800

.text           0x0000000000000000     0x18c0
 FILL mask 0xff
                0x0000000000000000                __vectors_start__ = ABSOLUTE (.)
 *(.isr_vector)
 .isr_vector    0x0000000000000000       0xc0 ./example/src/cr_startup_lpc11xx.o
                0x0000000000000000                g_pfnVectors
                0x00000000000000c0                . = ALIGN (0x4)
                0x00000000000000c0                __section_table_start = .
                0x00000000000000c0                __data_section_table = .
                0x00000000000000c0        0x4 LONG 0x18c0 LOADADDR (.data)
                0x00000000000000c4        0x4 LONG 0x10000000 ADDR (.data)
                0x00000000000000c8        0x4 LONG 0x24 SIZEOF (.data)
                0x00000000000000cc        0x4 LONG 0x18c0 LOADADDR (.data_RAM2)
                0x00000000000000d0        0x4 LONG 0x20004000 ADDR (.data_RAM2)
                0x00000000000000d4        0x4 LONG 0x0 SIZEOF (.data_RAM2)
                0x00000000000000d8        0x4 LONG 0x18c0 LOADADDR (.data_RAM3)
                0x00000000000000dc        0x4 LONG 0x20000000 ADDR (.data_RAM3)
                0x00000000000000e0        0x4 LONG 0x0 SIZEOF (.data_RAM3)
                0x00000000000000e4                __data_section_table_end = .
                0x00000000000000e4                __bss_section_table = .
                0x00000000000000e4        0x4 LONG 0x10000024 ADDR (.bss)
                0x00000000000000e8        0x4 LONG 0x178 SIZEOF (.bss)
                0x00000000000000ec        0x4 LONG 0x20004000 ADDR (.bss_RAM2)
                0x00000000000000f0        0x4 LONG 0x0 SIZEOF (.bss_RAM2)
                0x00000000000000f4        0x4 LONG 0x20000000 ADDR (.bss_RAM3)
                0x00000000000000f8        0x4 LONG 0x0 SIZEOF (.bss_RAM3)
                0x00000000000000fc                __bss_section_table_end = .
                0x00000000000000fc                __section_table_end = .
 *(.after_vectors*)
 .after_vectors
                0x00000000000000fc       0x70 ./example/src/cr_startup_lpc11xx.o
                0x00000000000000fc                NMI_Handler
                0x00000000000000fe                HardFault_Handler
                0x0000000000000100                SVC_Handler
                0x0000000000000102                PendSV_Handler
                0x0000000000000106                USART_IRQHandler
                0x0000000000000106                FLEX_INT1_IRQHandler
                0x0000000000000106                IntDefaultHandler
                0x0000000000000106                SSP0_IRQHandler
                0x0000000000000106                USBWakeup_IRQHandler
                0x0000000000000106                GINT1_IRQHandler
                0x0000000000000106                TIMER32_0_IRQHandler
                0x0000000000000106                FLEX_INT7_IRQHandler
                0x0000000000000106                TIMER32_1_IRQHandler
                0x0000000000000106                FLEX_INT6_IRQHandler
                0x0000000000000106                FMC_IRQHandler
                0x0000000000000106                TIMER16_0_IRQHandler
                0x0000000000000106                FLEX_INT0_IRQHandler
                0x0000000000000106                FLEX_INT2_IRQHandler
                0x0000000000000106                TIMER16_1_IRQHandler
                0x0000000000000106                USB_FIQHandler
                0x0000000000000106                FLEX_INT5_IRQHandler
                0x0000000000000106                ADC_IRQHandler
                0x0000000000000106                SSP1_IRQHandler
                0x0000000000000106                FLEX_INT3_IRQHandler
                0x0000000000000106                BOD_IRQHandler
                0x0000000000000106                IOH_IRQHandler
                0x0000000000000106                I2C_IRQHandler
                0x0000000000000106                WDT_IRQHandler
                0x0000000000000106                GINT0_IRQHandler
                0x0000000000000106                FLEX_INT4_IRQHandler
                0x0000000000000108                data_init
                0x000000000000011a                bss_init
                0x000000000000012a                ResetISR
 *(.text*)
 .text.USB_IsConfigured
                0x000000000000016c       0x20 ./example/src/hid_keyboard.o
 .text.ms_timerInit
                0x000000000000018c       0x24 ./example/src/hid_keyboard.o
 .text.ms_timerStart
                0x00000000000001b0       0x28 ./example/src/hid_keyboard.o
 .text.ms_timerExpired
                0x00000000000001d8       0x30 ./example/src/hid_keyboard.o
 .text.Keyboard_UpdateReport
                0x0000000000000208       0x58 ./example/src/hid_keyboard.o
 .text.Keyboard_GetReport
                0x0000000000000260       0x50 ./example/src/hid_keyboard.o
 .text.Keyboard_SetReport
                0x00000000000002b0       0x44 ./example/src/hid_keyboard.o
 .text.Keyboard_EpIN_Hdlr
                0x00000000000002f4       0x28 ./example/src/hid_keyboard.o
 .text.Keyboard_init
                0x000000000000031c      0x100 ./example/src/hid_keyboard.o
                0x000000000000031c                Keyboard_init
 .text.Keyboard_Tasks
                0x000000000000041c       0x64 ./example/src/hid_keyboard.o
                0x000000000000041c                Keyboard_Tasks
 .text.NVIC_EnableIRQ
                0x0000000000000480       0x2c ./example/src/hid_main.o
 .text.NVIC_SetPriority
                0x00000000000004ac       0xd4 ./example/src/hid_main.o
 .text.SysTick_Config
                0x0000000000000580       0x48 ./example/src/hid_main.o
 .text.Chip_Clock_EnablePeriphClock
                0x00000000000005c8       0x30 ./example/src/hid_main.o
 .text.systick_init
                0x00000000000005f8       0x34 ./example/src/hid_main.o
 .text.usb_pin_clk_init
                0x000000000000062c       0x28 ./example/src/hid_main.o
 .text.USB_IRQHandler
                0x0000000000000654       0x5c ./example/src/hid_main.o
                0x0000000000000654                USB_IRQHandler
 .text.main     0x00000000000006b0      0x104 ./example/src/hid_main.o
                0x00000000000006b0                main
 .text.SysTick_Handler
                0x00000000000007b4       0x18 ./example/src/ms_timer.o
                0x00000000000007b4                SysTick_Handler
 .text.SystemInit
                0x00000000000007cc        0xc ./example/src/sysinit.o
                0x00000000000007cc                SystemInit
 .text.Chip_GPIO_GetPinState
                0x00000000000007d8       0x38 /Users/bertouttier/development/workspaces/LPCXpresso/phyx_11u35_board_lib/Debug/libphyx_11u35_board_lib.a(board.o)
 .text.Chip_GPIO_SetPinDIRInput
                0x0000000000000810       0x50 /Users/bertouttier/development/workspaces/LPCXpresso/phyx_11u35_board_lib/Debug/libphyx_11u35_board_lib.a(board.o)
 .text.Board_Init
                0x0000000000000860       0x14 /Users/bertouttier/development/workspaces/LPCXpresso/phyx_11u35_board_lib/Debug/libphyx_11u35_board_lib.a(board.o)
                0x0000000000000860                Board_Init
 .text.Board_Buttons_Init
                0x0000000000000874       0x60 /Users/bertouttier/development/workspaces/LPCXpresso/phyx_11u35_board_lib/Debug/libphyx_11u35_board_lib.a(board.o)
                0x0000000000000874                Board_Buttons_Init
 .text.Buttons_GetStatus
                0x00000000000008d4       0x74 /Users/bertouttier/development/workspaces/LPCXpresso/phyx_11u35_board_lib/Debug/libphyx_11u35_board_lib.a(board.o)
                0x00000000000008d4                Buttons_GetStatus
 .text.Poll_Buttons
                0x0000000000000948       0xac /Users/bertouttier/development/workspaces/LPCXpresso/phyx_11u35_board_lib/Debug/libphyx_11u35_board_lib.a(board.o)
                0x0000000000000948                Poll_Buttons
 .text.Buttons_GetStateEncoder
                0x00000000000009f4       0x24 /Users/bertouttier/development/workspaces/LPCXpresso/phyx_11u35_board_lib/Debug/libphyx_11u35_board_lib.a(board.o)
                0x00000000000009f4                Buttons_GetStateEncoder
 .text.Chip_FMC_SetFLASHAccess
                0x0000000000000a18       0x2c /Users/bertouttier/development/workspaces/LPCXpresso/phyx_11u35_board_lib/Debug/libphyx_11u35_board_lib.a(board_sysinit.o)
 .text.Chip_Clock_SetupSystemPLL
                0x0000000000000a44       0x34 /Users/bertouttier/development/workspaces/LPCXpresso/phyx_11u35_board_lib/Debug/libphyx_11u35_board_lib.a(board_sysinit.o)
 .text.Chip_Clock_IsSystemPLLLocked
                0x0000000000000a78       0x1c /Users/bertouttier/development/workspaces/LPCXpresso/phyx_11u35_board_lib/Debug/libphyx_11u35_board_lib.a(board_sysinit.o)
 .text.Chip_Clock_SetupUSBPLL
                0x0000000000000a94       0x34 /Users/bertouttier/development/workspaces/LPCXpresso/phyx_11u35_board_lib/Debug/libphyx_11u35_board_lib.a(board_sysinit.o)
 .text.Chip_Clock_IsUSBPLLLocked
                0x0000000000000ac8       0x1c /Users/bertouttier/development/workspaces/LPCXpresso/phyx_11u35_board_lib/Debug/libphyx_11u35_board_lib.a(board_sysinit.o)
 .text.Chip_Clock_SetSysClockDiv
                0x0000000000000ae4       0x18 /Users/bertouttier/development/workspaces/LPCXpresso/phyx_11u35_board_lib/Debug/libphyx_11u35_board_lib.a(board_sysinit.o)
 .text.Chip_Clock_EnablePeriphClock
                0x0000000000000afc       0x30 /Users/bertouttier/development/workspaces/LPCXpresso/phyx_11u35_board_lib/Debug/libphyx_11u35_board_lib.a(board_sysinit.o)
 .text.SystemSetupClocking
                0x0000000000000b2c       0x90 /Users/bertouttier/development/workspaces/LPCXpresso/phyx_11u35_board_lib/Debug/libphyx_11u35_board_lib.a(board_sysinit.o)
 .text.SystemSetupMuxing
                0x0000000000000bbc       0x58 /Users/bertouttier/development/workspaces/LPCXpresso/phyx_11u35_board_lib/Debug/libphyx_11u35_board_lib.a(board_sysinit.o)
 .text.Board_SystemInit
                0x0000000000000c14       0x18 /Users/bertouttier/development/workspaces/LPCXpresso/phyx_11u35_board_lib/Debug/libphyx_11u35_board_lib.a(board_sysinit.o)
                0x0000000000000c14                Board_SystemInit
 .text.Chip_Clock_GetMainOscRate
                0x0000000000000c2c       0x14 /Users/bertouttier/development/workspaces/LPCXpresso/lpc_chip_11uxx_lib/Debug/liblpc_chip_11uxx_lib.a(clock_11xx.o)
 .text.Chip_Clock_GetIntOscRate
                0x0000000000000c40       0x10 /Users/bertouttier/development/workspaces/LPCXpresso/lpc_chip_11uxx_lib/Debug/liblpc_chip_11uxx_lib.a(clock_11xx.o)
 .text.Chip_Clock_GetWDTLFORate
                0x0000000000000c50       0x48 /Users/bertouttier/development/workspaces/LPCXpresso/lpc_chip_11uxx_lib/Debug/liblpc_chip_11uxx_lib.a(clock_11xx.o)
 .text.Chip_Clock_GetPLLFreq
                0x0000000000000c98       0x24 /Users/bertouttier/development/workspaces/LPCXpresso/lpc_chip_11uxx_lib/Debug/liblpc_chip_11uxx_lib.a(clock_11xx.o)
 .text.Chip_Clock_SetSystemPLLSource
                0x0000000000000cbc       0x2c /Users/bertouttier/development/workspaces/LPCXpresso/lpc_chip_11uxx_lib/Debug/liblpc_chip_11uxx_lib.a(clock_11xx.o)
                0x0000000000000cbc                Chip_Clock_SetSystemPLLSource
 .text.Chip_Clock_SetUSBPLLSource
                0x0000000000000ce8       0x2c /Users/bertouttier/development/workspaces/LPCXpresso/lpc_chip_11uxx_lib/Debug/liblpc_chip_11uxx_lib.a(clock_11xx.o)
                0x0000000000000ce8                Chip_Clock_SetUSBPLLSource
 .text.Chip_Clock_SetMainClockSource
                0x0000000000000d14       0x2c /Users/bertouttier/development/workspaces/LPCXpresso/lpc_chip_11uxx_lib/Debug/liblpc_chip_11uxx_lib.a(clock_11xx.o)
                0x0000000000000d14                Chip_Clock_SetMainClockSource
 .text.Chip_Clock_SetUSBClockSource
                0x0000000000000d40       0x3c /Users/bertouttier/development/workspaces/LPCXpresso/lpc_chip_11uxx_lib/Debug/liblpc_chip_11uxx_lib.a(clock_11xx.o)
                0x0000000000000d40                Chip_Clock_SetUSBClockSource
 .text.Chip_Clock_GetWDTOSCRate
                0x0000000000000d7c       0x1c /Users/bertouttier/development/workspaces/LPCXpresso/lpc_chip_11uxx_lib/Debug/liblpc_chip_11uxx_lib.a(clock_11xx.o)
                0x0000000000000d7c                Chip_Clock_GetWDTOSCRate
 .text.Chip_Clock_GetSystemPLLInClockRate
                0x0000000000000d98       0x40 /Users/bertouttier/development/workspaces/LPCXpresso/lpc_chip_11uxx_lib/Debug/liblpc_chip_11uxx_lib.a(clock_11xx.o)
                0x0000000000000d98                Chip_Clock_GetSystemPLLInClockRate
 .text.Chip_Clock_GetSystemPLLOutClockRate
                0x0000000000000dd8       0x24 /Users/bertouttier/development/workspaces/LPCXpresso/lpc_chip_11uxx_lib/Debug/liblpc_chip_11uxx_lib.a(clock_11xx.o)
                0x0000000000000dd8                Chip_Clock_GetSystemPLLOutClockRate
 .text.Chip_Clock_GetMainClockRate
                0x0000000000000dfc       0x64 /Users/bertouttier/development/workspaces/LPCXpresso/lpc_chip_11uxx_lib/Debug/liblpc_chip_11uxx_lib.a(clock_11xx.o)
                0x0000000000000dfc                Chip_Clock_GetMainClockRate
 .text.Chip_Clock_GetSystemClockRate
                0x0000000000000e60       0x24 /Users/bertouttier/development/workspaces/LPCXpresso/lpc_chip_11uxx_lib/Debug/liblpc_chip_11uxx_lib.a(clock_11xx.o)
                0x0000000000000e60                Chip_Clock_GetSystemClockRate
 .text.Chip_Clock_EnablePeriphClock
                0x0000000000000e84       0x30 /Users/bertouttier/development/workspaces/LPCXpresso/lpc_chip_11uxx_lib/Debug/liblpc_chip_11uxx_lib.a(gpio_11xx_1.o)
 .text.Chip_GPIO_Init
                0x0000000000000eb4       0x14 /Users/bertouttier/development/workspaces/LPCXpresso/lpc_chip_11uxx_lib/Debug/liblpc_chip_11uxx_lib.a(gpio_11xx_1.o)
                0x0000000000000eb4                Chip_GPIO_Init
 .text.Chip_IOCON_PinMuxSet
                0x0000000000000ec8       0x50 /Users/bertouttier/development/workspaces/LPCXpresso/lpc_chip_11uxx_lib/Debug/liblpc_chip_11uxx_lib.a(iocon_11xx.o)
                0x0000000000000ec8                Chip_IOCON_PinMuxSet
 .text.Chip_SYSCTL_PowerDown
                0x0000000000000f18       0x40 /Users/bertouttier/development/workspaces/LPCXpresso/lpc_chip_11uxx_lib/Debug/liblpc_chip_11uxx_lib.a(sysctl_11xx.o)
                0x0000000000000f18                Chip_SYSCTL_PowerDown
 .text.Chip_SYSCTL_PowerUp
                0x0000000000000f58       0x44 /Users/bertouttier/development/workspaces/LPCXpresso/lpc_chip_11uxx_lib/Debug/liblpc_chip_11uxx_lib.a(sysctl_11xx.o)
                0x0000000000000f58                Chip_SYSCTL_PowerUp
 .text.__main   0x0000000000000f9c       0x12 /Applications/lpcxpresso_7.7.2_379/lpcxpresso/tools/bin/../lib/gcc/arm-none-eabi/4.9.3/../../../../arm-none-eabi/lib/armv6-m/libcr_nohost.a(_cr__main.o)
                0x0000000000000f9c                __main
 .text.memcpy   0x0000000000000fae        0x8 /Applications/lpcxpresso_7.7.2_379/lpcxpresso/tools/bin/../lib/gcc/arm-none-eabi/4.9.3/../../../../arm-none-eabi/lib/armv6-m/libcr_c.a(memcpy.o)
                0x0000000000000fae                memcpy
 .text.memset   0x0000000000000fb6        0x8 /Applications/lpcxpresso_7.7.2_379/lpcxpresso/tools/bin/../lib/gcc/arm-none-eabi/4.9.3/../../../../arm-none-eabi/lib/armv6-m/libcr_c.a(memset.o)
                0x0000000000000fb6                memset
 *fill*         0x0000000000000fbe        0x2 
 .text._initio  0x0000000000000fc0       0xa8 /Applications/lpcxpresso_7.7.2_379/lpcxpresso/tools/bin/../lib/gcc/arm-none-eabi/4.9.3/../../../../arm-none-eabi/lib/armv6-m/libcr_c.a(initio.o)
                0x0000000000000fc0                _initio
 .text.setvbuf  0x0000000000001068       0x48 /Applications/lpcxpresso_7.7.2_379/lpcxpresso/tools/bin/../lib/gcc/arm-none-eabi/4.9.3/../../../../arm-none-eabi/lib/armv6-m/libcr_c.a(setvbuf.o)
                0x0000000000001068                setvbuf
 .text._deferredlazyseek
                0x00000000000010b0       0x44 /Applications/lpcxpresso_7.7.2_379/lpcxpresso/tools/bin/../lib/gcc/arm-none-eabi/4.9.3/../../../../arm-none-eabi/lib/armv6-m/libcr_c.a(_deferredlazyseek.o)
                0x00000000000010b0                _deferredlazyseek
 .text._fdopen  0x00000000000010f4       0x68 /Applications/lpcxpresso_7.7.2_379/lpcxpresso/tools/bin/../lib/gcc/arm-none-eabi/4.9.3/../../../../arm-none-eabi/lib/armv6-m/libcr_c.a(_fdopen.o)
                0x00000000000010f4                _fdopen
 .text._fflush  0x000000000000115c       0x64 /Applications/lpcxpresso_7.7.2_379/lpcxpresso/tools/bin/../lib/gcc/arm-none-eabi/4.9.3/../../../../arm-none-eabi/lib/armv6-m/libcr_c.a(_fflush.o)
                0x000000000000115c                _fflush
 .text._Cwritebuf
                0x00000000000011c0       0x6c /Applications/lpcxpresso_7.7.2_379/lpcxpresso/tools/bin/../lib/gcc/arm-none-eabi/4.9.3/../../../../arm-none-eabi/lib/armv6-m/libcr_c.a(_writebuf.o)
                0x00000000000011c0                _Cwritebuf
 .text.malloc   0x000000000000122c       0xcc /Applications/lpcxpresso_7.7.2_379/lpcxpresso/tools/bin/../lib/gcc/arm-none-eabi/4.9.3/../../../../arm-none-eabi/lib/armv6-m/libcr_c.a(alloc.o)
                0x000000000000122c                malloc
 .text.free     0x00000000000012f8       0x2e /Applications/lpcxpresso_7.7.2_379/lpcxpresso/tools/bin/../lib/gcc/arm-none-eabi/4.9.3/../../../../arm-none-eabi/lib/armv6-m/libcr_c.a(alloc.o)
                0x00000000000012f8                free
 *fill*         0x0000000000001326        0x2 
 .text._Csys_alloc
                0x0000000000001328       0x20 /Applications/lpcxpresso_7.7.2_379/lpcxpresso/tools/bin/../lib/gcc/arm-none-eabi/4.9.3/../../../../arm-none-eabi/lib/armv6-m/libcr_c.a(alloc.o)
                0x0000000000001328                _Csys_alloc
 .text.fclose   0x0000000000001348       0x70 /Applications/lpcxpresso_7.7.2_379/lpcxpresso/tools/bin/../lib/gcc/arm-none-eabi/4.9.3/../../../../arm-none-eabi/lib/armv6-m/libcr_c.a(fclose.o)
                0x0000000000001348                fclose
 .text.fflush   0x00000000000013b8       0x34 /Applications/lpcxpresso_7.7.2_379/lpcxpresso/tools/bin/../lib/gcc/arm-none-eabi/4.9.3/../../../../arm-none-eabi/lib/armv6-m/libcr_c.a(fflush.o)
                0x00000000000013b8                fflush
 .text.fseek    0x00000000000013ec      0x100 /Applications/lpcxpresso_7.7.2_379/lpcxpresso/tools/bin/../lib/gcc/arm-none-eabi/4.9.3/../../../../arm-none-eabi/lib/armv6-m/libcr_c.a(fseek.o)
                0x00000000000013ec                fseek
 .text.ftell    0x00000000000014ec       0x4c /Applications/lpcxpresso_7.7.2_379/lpcxpresso/tools/bin/../lib/gcc/arm-none-eabi/4.9.3/../../../../arm-none-eabi/lib/armv6-m/libcr_c.a(ftell.o)
                0x00000000000014ec                ftell
 .text.remove   0x0000000000001538       0x12 /Applications/lpcxpresso_7.7.2_379/lpcxpresso/tools/bin/../lib/gcc/arm-none-eabi/4.9.3/../../../../arm-none-eabi/lib/armv6-m/libcr_c.a(remove.o)
                0x0000000000001538                remove
 *fill*         0x000000000000154a        0x2 
 .text.strlen   0x000000000000154c       0x54 /Applications/lpcxpresso_7.7.2_379/lpcxpresso/tools/bin/../lib/gcc/arm-none-eabi/4.9.3/../../../../arm-none-eabi/lib/armv6-m/libcr_c.a(strlen.o)
                0x000000000000154c                strlen
 .text._sbrk    0x00000000000015a0       0x40 /Applications/lpcxpresso_7.7.2_379/lpcxpresso/tools/bin/../lib/gcc/arm-none-eabi/4.9.3/../../../../arm-none-eabi/lib/armv6-m/libcr_c.a(_cr_sbrk.o)
                0x00000000000015a0                _sbrk
 .text._do_fflush
                0x00000000000015e0       0x4c /Applications/lpcxpresso_7.7.2_379/lpcxpresso/tools/bin/../lib/gcc/arm-none-eabi/4.9.3/../../../../arm-none-eabi/lib/armv6-m/libcr_c.a(_do_fflush.o)
                0x00000000000015e0                _do_fflush
 .text.__check_heap_overflow
                0x000000000000162c       0x14 /Applications/lpcxpresso_7.7.2_379/lpcxpresso/tools/bin/../lib/gcc/arm-none-eabi/4.9.3/../../../../arm-none-eabi/lib/armv6-m/libcr_c.a(_cr_check_heap.o)
                0x000000000000162c                __check_heap_overflow
 .text.__aeabi_division_idivmod
                0x0000000000001640       0x78 /Applications/lpcxpresso_7.7.2_379/lpcxpresso/tools/bin/../lib/gcc/arm-none-eabi/4.9.3/armv6-m/libcr_eabihelpers.a(division_32.o)
                0x0000000000001640                __aeabi_idiv
                0x0000000000001640                __aeabi_idivmod
                0x0000000000001646                __aeabi_uidiv
                0x0000000000001646                __aeabi_uidivmod
 .text.__aeabi_division_idiv0
                0x00000000000016b8        0x2 /Applications/lpcxpresso_7.7.2_379/lpcxpresso/tools/bin/../lib/gcc/arm-none-eabi/4.9.3/armv6-m/libcr_eabihelpers.a(division_idiv0.o)
                0x00000000000016b8                __aeabi_idiv0
 .text.__aeabi_memcpy
                0x00000000000016ba       0x2c /Applications/lpcxpresso_7.7.2_379/lpcxpresso/tools/bin/../lib/gcc/arm-none-eabi/4.9.3/armv6-m/libcr_eabihelpers.a(memcpy.o)
                0x00000000000016ba                __aeabi_memcpy
                0x00000000000016ba                __aeabi_memcpy4
                0x00000000000016ba                __aeabi_memcpy8
 .text.__aeabi_memset_lowlevel
                0x00000000000016e6       0x2a /Applications/lpcxpresso_7.7.2_379/lpcxpresso/tools/bin/../lib/gcc/arm-none-eabi/4.9.3/armv6-m/libcr_eabihelpers.a(memcpy.o)
                0x00000000000016e6                __aeabi_lowlevel_memset
 .text.__sys_appexit
                0x0000000000001710        0x2 /Applications/lpcxpresso_7.7.2_379/lpcxpresso/tools/bin/../lib/gcc/arm-none-eabi/4.9.3/../../../../arm-none-eabi/lib/armv6-m/libcr_nohost.a(__sys_appexit.o)
                0x0000000000001710                __exit
                0x0000000000001710                __sys_appexit
 .text.__sys_close
                0x0000000000001712        0x6 /Applications/lpcxpresso_7.7.2_379/lpcxpresso/tools/bin/../lib/gcc/arm-none-eabi/4.9.3/../../../../arm-none-eabi/lib/armv6-m/libcr_nohost.a(__sys_close.o)
                0x0000000000001712                __sys_close
 .text.__sys_flen
                0x0000000000001718        0x6 /Applications/lpcxpresso_7.7.2_379/lpcxpresso/tools/bin/../lib/gcc/arm-none-eabi/4.9.3/../../../../arm-none-eabi/lib/armv6-m/libcr_nohost.a(__sys_flen.o)
                0x0000000000001718                __sys_flen
 .text.__sys_istty
                0x000000000000171e        0x6 /Applications/lpcxpresso_7.7.2_379/lpcxpresso/tools/bin/../lib/gcc/arm-none-eabi/4.9.3/../../../../arm-none-eabi/lib/armv6-m/libcr_nohost.a(__sys_istty.o)
                0x000000000000171e                __sys_istty
 .text.__sys_remove
                0x0000000000001724        0x6 /Applications/lpcxpresso_7.7.2_379/lpcxpresso/tools/bin/../lib/gcc/arm-none-eabi/4.9.3/../../../../arm-none-eabi/lib/armv6-m/libcr_nohost.a(__sys_remove.o)
                0x0000000000001724                __sys_remove
 .text.__sys_seek
                0x000000000000172a        0x6 /Applications/lpcxpresso_7.7.2_379/lpcxpresso/tools/bin/../lib/gcc/arm-none-eabi/4.9.3/../../../../arm-none-eabi/lib/armv6-m/libcr_nohost.a(__sys_seek.o)
                0x000000000000172a                __sys_seek
 .text.__sys_tmpnam
                0x0000000000001730        0x6 /Applications/lpcxpresso_7.7.2_379/lpcxpresso/tools/bin/../lib/gcc/arm-none-eabi/4.9.3/../../../../arm-none-eabi/lib/armv6-m/libcr_nohost.a(__sys_tmpnam.o)
                0x0000000000001730                __sys_tmpnam
 .text.__sys_write
                0x0000000000001736        0x4 /Applications/lpcxpresso_7.7.2_379/lpcxpresso/tools/bin/../lib/gcc/arm-none-eabi/4.9.3/../../../../arm-none-eabi/lib/armv6-m/libcr_nohost.a(__sys_write.o)
                0x0000000000001736                __write
                0x0000000000001736                __sys_write
 *(.rodata .rodata.* .constdata .constdata.*)
 *fill*         0x000000000000173a        0x2 
 .rodata.Keyboard_ReportDescriptor
                0x000000000000173c       0x40 ./example/src/hid_desc.o
                0x000000000000173c                Keyboard_ReportDescriptor
 .rodata.Keyboard_ReportDescSize
                0x000000000000177c        0x2 ./example/src/hid_desc.o
                0x000000000000177c                Keyboard_ReportDescSize
 *fill*         0x000000000000177e        0x2 
 .rodata.USB_DeviceDescriptor
                0x0000000000001780       0x14 ./example/src/hid_desc.o
                0x0000000000001780                USB_DeviceDescriptor
 .rodata.USB_StringDescriptor
                0x0000000000001794       0x84 ./example/src/hid_desc.o
                0x0000000000001794                USB_StringDescriptor
 .rodata.OscRateIn
                0x0000000000001818        0x4 /Users/bertouttier/development/workspaces/LPCXpresso/phyx_11u35_board_lib/Debug/libphyx_11u35_board_lib.a(board.o)
                0x0000000000001818                OscRateIn
 .rodata.pinmuxing
                0x000000000000181c       0x48 /Users/bertouttier/development/workspaces/LPCXpresso/phyx_11u35_board_lib/Debug/libphyx_11u35_board_lib.a(board_sysinit.o)
 .rodata.wdtOSCRate
                0x0000000000001864       0x40 /Users/bertouttier/development/workspaces/LPCXpresso/lpc_chip_11uxx_lib/Debug/liblpc_chip_11uxx_lib.a(clock_11xx.o)
 .rodata.str1.1
                0x00000000000018a4        0x4 /Applications/lpcxpresso_7.7.2_379/lpcxpresso/tools/bin/../lib/gcc/arm-none-eabi/4.9.3/../../../../arm-none-eabi/lib/armv6-m/libcr_c.a(initio.o)
 .rodata.str1.1
                0x00000000000018a8       0x18 /Applications/lpcxpresso_7.7.2_379/lpcxpresso/tools/bin/../lib/gcc/arm-none-eabi/4.9.3/../../../../arm-none-eabi/lib/armv6-m/libcr_c.a(alloc.o)
                0x00000000000018c0                . = ALIGN (0x4)

.glue_7         0x00000000000018c0        0x0
 .glue_7        0x0000000000000000        0x0 linker stubs

.glue_7t        0x00000000000018c0        0x0
 .glue_7t       0x0000000000000000        0x0 linker stubs

.vfp11_veneer   0x00000000000018c0        0x0
 .vfp11_veneer  0x0000000000000000        0x0 linker stubs

.v4_bx          0x00000000000018c0        0x0
 .v4_bx         0x0000000000000000        0x0 linker stubs

.iplt           0x00000000000018c0        0x0
 .iplt          0x0000000000000000        0x0 ./example/src/cr_startup_lpc11xx.o

.rel.dyn        0x00000000000018c0        0x0
 .rel.iplt      0x0000000000000000        0x0 ./example/src/cr_startup_lpc11xx.o

.ARM.extab
 *(.ARM.extab* .gnu.linkonce.armextab.*)
                0x00000000000018c0                __exidx_start = .

.ARM.exidx
 *(.ARM.exidx* .gnu.linkonce.armexidx.*)
                0x00000000000018c0                __exidx_end = .
                0x00000000000018c0                _etext = .

.data_RAM2      0x0000000020004000        0x0 load address 0x00000000000018c0
 FILL mask 0xff
                0x0000000020004000                PROVIDE (__start_data_RAM2, .)
 *(.ramfunc.$RAM2)
 *(.ramfunc.$RamUsb2)
 *(.data.$RAM2*)
 *(.data.$RamUsb2*)
                0x0000000020004000                . = ALIGN (0x4)
                0x0000000020004000                PROVIDE (__end_data_RAM2, .)

.data_RAM3      0x0000000020000000        0x0 load address 0x00000000000018c0
 FILL mask 0xff
                0x0000000020000000                PROVIDE (__start_data_RAM3, .)
 *(.ramfunc.$RAM3)
 *(.ramfunc.$SRAM1_2)
 *(.data.$RAM3*)
 *(.data.$SRAM1_2*)
                0x0000000020000000                . = ALIGN (0x4)
                0x0000000020000000                PROVIDE (__end_data_RAM3, .)

.uninit_RESERVED
                0x0000000010000000        0x0
 *(.bss.$RESERVED*)
                0x0000000010000000                . = ALIGN (0x4)
                0x0000000010000000                _end_uninit_RESERVED = .

.data           0x0000000010000000       0x24 load address 0x00000000000018c0
 FILL mask 0xff
                0x0000000010000000                _data = .
 *(vtable)
 *(.ramfunc*)
 *(.data*)
 .data.USB_FsConfigDescriptor
                0x0000000010000000       0x24 ./example/src/hid_desc.o
                0x0000000010000000                USB_FsConfigDescriptor
                0x0000000010000024                . = ALIGN (0x4)
                0x0000000010000024                _edata = .

.igot.plt       0x0000000010000024        0x0 load address 0x00000000000018e4
 .igot.plt      0x0000000000000000        0x0 ./example/src/cr_startup_lpc11xx.o

.bss_RAM2       0x0000000020004000        0x0
                0x0000000020004000                PROVIDE (__start_bss_RAM2, .)
 *(.bss.$RAM2*)
 *(.bss.$RamUsb2*)
                0x0000000020004000                . = ALIGN (0x4)
                0x0000000020004000                PROVIDE (__end_bss_RAM2, .)

.bss_RAM3       0x0000000020000000        0x0
                0x0000000020000000                PROVIDE (__start_bss_RAM3, .)
 *(.bss.$RAM3*)
 *(.bss.$SRAM1_2*)
                0x0000000020000000                . = ALIGN (0x4)
                0x0000000020000000                PROVIDE (__end_bss_RAM3, .)

.bss            0x0000000010000024      0x178
                0x0000000010000024                _bss = .
 *(.bss*)
 .bss.g_keyBoard
                0x0000000010000024       0x18 ./example/src/hid_keyboard.o
 .bss.g_hUsb    0x000000001000003c        0x4 ./example/src/hid_main.o
 .bss.bufEnc    0x0000000010000040        0x1 /Users/bertouttier/development/workspaces/LPCXpresso/phyx_11u35_board_lib/Debug/libphyx_11u35_board_lib.a(board.o)
                0x0000000010000040                bufEnc
 .bss.stateEnc.5999
                0x0000000010000041        0x1 /Users/bertouttier/development/workspaces/LPCXpresso/phyx_11u35_board_lib/Debug/libphyx_11u35_board_lib.a(board.o)
 *fill*         0x0000000010000042        0x2 
 .bss.errno     0x0000000010000044        0x4 /Applications/lpcxpresso_7.7.2_379/lpcxpresso/tools/bin/../lib/gcc/arm-none-eabi/4.9.3/../../../../arm-none-eabi/lib/armv6-m/libcr_c.a(errno.o)
                0x0000000010000044                errno
 *(COMMON)
 COMMON         0x0000000010000048        0x4 ./example/src/hid_main.o
                0x0000000010000048                g_pUsbApi
 COMMON         0x000000001000004c        0x4 ./example/src/ms_timer.o
                0x000000001000004c                g_msTicks
 COMMON         0x0000000010000050        0x4 /Applications/lpcxpresso_7.7.2_379/lpcxpresso/tools/bin/../lib/gcc/arm-none-eabi/4.9.3/../../../../arm-none-eabi/lib/armv6-m/libcr_c.a(initio.o)
                0x0000000010000050                _extra
 COMMON         0x0000000010000054      0x140 /Applications/lpcxpresso_7.7.2_379/lpcxpresso/tools/bin/../lib/gcc/arm-none-eabi/4.9.3/../../../../arm-none-eabi/lib/armv6-m/libcr_c.a(stdio.o)
                0x0000000010000054                __Ciob
 COMMON         0x0000000010000194        0x8 /Applications/lpcxpresso_7.7.2_379/lpcxpresso/tools/bin/../lib/gcc/arm-none-eabi/4.9.3/../../../../arm-none-eabi/lib/armv6-m/libcr_c.a(__init_alloc.o)
                0x0000000010000194                __heaps
                0x0000000010000198                __end_of_heap
                0x000000001000019c                . = ALIGN (0x4)
                0x000000001000019c                _ebss = .
                0x000000001000019c                PROVIDE (end, .)

.noinit_RAM2    0x0000000020004000        0x0
 *(.noinit.$RAM2*)
 *(.noinit.$RamUsb2*)
                0x0000000020004000                . = ALIGN (0x4)

.noinit_RAM3    0x0000000020000000        0x0
 *(.noinit.$RAM3*)
 *(.noinit.$SRAM1_2*)
                0x0000000020000000                . = ALIGN (0x4)

.noinit         0x000000001000019c        0x0
                0x000000001000019c                _noinit = .
 *(.noinit*)
                0x000000001000019c                . = ALIGN (0x4)
                0x000000001000019c                _end_noinit = .
                0x000000001000019c                PROVIDE (_pvHeapStart, DEFINED (__user_heap_base)?__user_heap_base:.)
                0x0000000010002000                PROVIDE (_vStackTop, DEFINED (__user_stack_top)?__user_stack_top:(__top_RamLoc8 - 0x0))
OUTPUT(Phyx_hid_device.axf elf32-littlearm)

.debug_info     0x0000000000000000     0x6205
 .debug_info    0x0000000000000000      0x252 ./example/src/cr_startup_lpc11xx.o
 .debug_info    0x0000000000000252      0x135 ./example/src/hid_desc.o
 .debug_info    0x0000000000000387     0x18ca ./example/src/hid_keyboard.o
 .debug_info    0x0000000000001c51     0x1d6e ./example/src/hid_main.o
 .debug_info    0x00000000000039bf      0x1c1 ./example/src/ms_timer.o
 .debug_info    0x0000000000003b80       0xb8 ./example/src/sysinit.o
 .debug_info    0x0000000000003c38      0x360 /Users/bertouttier/development/workspaces/LPCXpresso/phyx_11u35_board_lib/Debug/libphyx_11u35_board_lib.a(board.o)
 .debug_info    0x0000000000003f98      0x95c /Users/bertouttier/development/workspaces/LPCXpresso/phyx_11u35_board_lib/Debug/libphyx_11u35_board_lib.a(board_sysinit.o)
 .debug_info    0x00000000000048f4      0x8ca /Users/bertouttier/development/workspaces/LPCXpresso/lpc_chip_11uxx_lib/Debug/liblpc_chip_11uxx_lib.a(clock_11xx.o)
 .debug_info    0x00000000000051be      0x96f /Users/bertouttier/development/workspaces/LPCXpresso/lpc_chip_11uxx_lib/Debug/liblpc_chip_11uxx_lib.a(gpio_11xx_1.o)
 .debug_info    0x0000000000005b2d      0x155 /Users/bertouttier/development/workspaces/LPCXpresso/lpc_chip_11uxx_lib/Debug/liblpc_chip_11uxx_lib.a(iocon_11xx.o)
 .debug_info    0x0000000000005c82      0x583 /Users/bertouttier/development/workspaces/LPCXpresso/lpc_chip_11uxx_lib/Debug/liblpc_chip_11uxx_lib.a(sysctl_11xx.o)

.debug_abbrev   0x0000000000000000     0x10c7
 .debug_abbrev  0x0000000000000000       0xf9 ./example/src/cr_startup_lpc11xx.o
 .debug_abbrev  0x00000000000000f9       0x60 ./example/src/hid_desc.o
 .debug_abbrev  0x0000000000000159      0x29c ./example/src/hid_keyboard.o
 .debug_abbrev  0x00000000000003f5      0x2f8 ./example/src/hid_main.o
 .debug_abbrev  0x00000000000006ed      0x13e ./example/src/ms_timer.o
 .debug_abbrev  0x000000000000082b       0x6a ./example/src/sysinit.o
 .debug_abbrev  0x0000000000000895      0x1a2 /Users/bertouttier/development/workspaces/LPCXpresso/phyx_11u35_board_lib/Debug/libphyx_11u35_board_lib.a(board.o)
 .debug_abbrev  0x0000000000000a37      0x1cb /Users/bertouttier/development/workspaces/LPCXpresso/phyx_11u35_board_lib/Debug/libphyx_11u35_board_lib.a(board_sysinit.o)
 .debug_abbrev  0x0000000000000c02      0x1bc /Users/bertouttier/development/workspaces/LPCXpresso/lpc_chip_11uxx_lib/Debug/liblpc_chip_11uxx_lib.a(clock_11xx.o)
 .debug_abbrev  0x0000000000000dbe      0x173 /Users/bertouttier/development/workspaces/LPCXpresso/lpc_chip_11uxx_lib/Debug/liblpc_chip_11uxx_lib.a(gpio_11xx_1.o)
 .debug_abbrev  0x0000000000000f31       0xc8 /Users/bertouttier/development/workspaces/LPCXpresso/lpc_chip_11uxx_lib/Debug/liblpc_chip_11uxx_lib.a(iocon_11xx.o)
 .debug_abbrev  0x0000000000000ff9       0xce /Users/bertouttier/development/workspaces/LPCXpresso/lpc_chip_11uxx_lib/Debug/liblpc_chip_11uxx_lib.a(sysctl_11xx.o)

.debug_loc      0x0000000000000000      0x1a4
 .debug_loc     0x0000000000000000      0x1a4 ./example/src/cr_startup_lpc11xx.o

.debug_aranges  0x0000000000000000      0x3c0
 .debug_aranges
                0x0000000000000000       0x60 ./example/src/cr_startup_lpc11xx.o
 .debug_aranges
                0x0000000000000060       0x18 ./example/src/hid_desc.o
 .debug_aranges
                0x0000000000000078       0x68 ./example/src/hid_keyboard.o
 .debug_aranges
                0x00000000000000e0       0x60 ./example/src/hid_main.o
 .debug_aranges
                0x0000000000000140       0x38 ./example/src/ms_timer.o
 .debug_aranges
                0x0000000000000178       0x20 ./example/src/sysinit.o
 .debug_aranges
                0x0000000000000198       0x50 /Users/bertouttier/development/workspaces/LPCXpresso/phyx_11u35_board_lib/Debug/libphyx_11u35_board_lib.a(board.o)
 .debug_aranges
                0x00000000000001e8       0x68 /Users/bertouttier/development/workspaces/LPCXpresso/phyx_11u35_board_lib/Debug/libphyx_11u35_board_lib.a(board_sysinit.o)
 .debug_aranges
                0x0000000000000250       0xa0 /Users/bertouttier/development/workspaces/LPCXpresso/lpc_chip_11uxx_lib/Debug/liblpc_chip_11uxx_lib.a(clock_11xx.o)
 .debug_aranges
                0x00000000000002f0       0x78 /Users/bertouttier/development/workspaces/LPCXpresso/lpc_chip_11uxx_lib/Debug/liblpc_chip_11uxx_lib.a(gpio_11xx_1.o)
 .debug_aranges
                0x0000000000000368       0x20 /Users/bertouttier/development/workspaces/LPCXpresso/lpc_chip_11uxx_lib/Debug/liblpc_chip_11uxx_lib.a(iocon_11xx.o)
 .debug_aranges
                0x0000000000000388       0x38 /Users/bertouttier/development/workspaces/LPCXpresso/lpc_chip_11uxx_lib/Debug/liblpc_chip_11uxx_lib.a(sysctl_11xx.o)

.debug_ranges   0x0000000000000000      0x2f8
 .debug_ranges  0x0000000000000000       0x50 ./example/src/cr_startup_lpc11xx.o
 .debug_ranges  0x0000000000000050       0x58 ./example/src/hid_keyboard.o
 .debug_ranges  0x00000000000000a8       0x50 ./example/src/hid_main.o
 .debug_ranges  0x00000000000000f8       0x28 ./example/src/ms_timer.o
 .debug_ranges  0x0000000000000120       0x10 ./example/src/sysinit.o
 .debug_ranges  0x0000000000000130       0x40 /Users/bertouttier/development/workspaces/LPCXpresso/phyx_11u35_board_lib/Debug/libphyx_11u35_board_lib.a(board.o)
 .debug_ranges  0x0000000000000170       0x58 /Users/bertouttier/development/workspaces/LPCXpresso/phyx_11u35_board_lib/Debug/libphyx_11u35_board_lib.a(board_sysinit.o)
 .debug_ranges  0x00000000000001c8       0x90 /Users/bertouttier/development/workspaces/LPCXpresso/lpc_chip_11uxx_lib/Debug/liblpc_chip_11uxx_lib.a(clock_11xx.o)
 .debug_ranges  0x0000000000000258       0x68 /Users/bertouttier/development/workspaces/LPCXpresso/lpc_chip_11uxx_lib/Debug/liblpc_chip_11uxx_lib.a(gpio_11xx_1.o)
 .debug_ranges  0x00000000000002c0       0x10 /Users/bertouttier/development/workspaces/LPCXpresso/lpc_chip_11uxx_lib/Debug/liblpc_chip_11uxx_lib.a(iocon_11xx.o)
 .debug_ranges  0x00000000000002d0       0x28 /Users/bertouttier/development/workspaces/LPCXpresso/lpc_chip_11uxx_lib/Debug/liblpc_chip_11uxx_lib.a(sysctl_11xx.o)

.debug_macro    0x0000000000000000     0x5091
 .debug_macro   0x0000000000000000       0x26 ./example/src/cr_startup_lpc11xx.o
 .debug_macro   0x0000000000000026      0x83e ./example/src/cr_startup_lpc11xx.o
 .debug_macro   0x0000000000000864       0x10 ./example/src/cr_startup_lpc11xx.o
 .debug_macro   0x0000000000000874       0xf5 ./example/src/hid_desc.o
 .debug_macro   0x0000000000000969      0x838 ./example/src/hid_desc.o
 .debug_macro   0x00000000000011a1       0x10 ./example/src/hid_desc.o
 .debug_macro   0x00000000000011b1      0x12d ./example/src/hid_desc.o
 .debug_macro   0x00000000000012de      0x5b2 ./example/src/hid_desc.o
 .debug_macro   0x0000000000001890       0x22 ./example/src/hid_desc.o
 .debug_macro   0x00000000000018b2       0x7b ./example/src/hid_desc.o
 .debug_macro   0x000000000000192d       0x18 ./example/src/hid_desc.o
 .debug_macro   0x0000000000001945      0x26c ./example/src/hid_desc.o
 .debug_macro   0x0000000000001bb1       0x52 ./example/src/hid_desc.o
 .debug_macro   0x0000000000001c03       0x12 ./example/src/hid_desc.o
 .debug_macro   0x0000000000001c15       0xfa ./example/src/hid_desc.o
 .debug_macro   0x0000000000001d0f       0xee ./example/src/hid_desc.o
 .debug_macro   0x0000000000001dfd      0x693 ./example/src/hid_desc.o
 .debug_macro   0x0000000000002490      0x272 ./example/src/hid_desc.o
 .debug_macro   0x0000000000002702       0x10 ./example/src/hid_desc.o
 .debug_macro   0x0000000000002712      0x273 ./example/src/hid_keyboard.o
 .debug_macro   0x0000000000002985       0x1f ./example/src/hid_keyboard.o
 .debug_macro   0x00000000000029a4       0x3a ./example/src/hid_keyboard.o
 .debug_macro   0x00000000000029de       0x1f ./example/src/hid_keyboard.o
 .debug_macro   0x00000000000029fd      0x242 ./example/src/hid_keyboard.o
 .debug_macro   0x0000000000002c3f      0x125 ./example/src/hid_keyboard.o
 .debug_macro   0x0000000000002d64       0x2e ./example/src/hid_keyboard.o
 .debug_macro   0x0000000000002d92       0xf1 ./example/src/hid_keyboard.o
 .debug_macro   0x0000000000002e83       0x10 ./example/src/hid_keyboard.o
 .debug_macro   0x0000000000002e93      0x137 ./example/src/hid_keyboard.o
 .debug_macro   0x0000000000002fca       0x4c ./example/src/hid_keyboard.o
 .debug_macro   0x0000000000003016       0x16 ./example/src/hid_keyboard.o
 .debug_macro   0x000000000000302c      0x31a ./example/src/hid_keyboard.o
 .debug_macro   0x0000000000003346       0x4f ./example/src/hid_keyboard.o
 .debug_macro   0x0000000000003395       0xb8 ./example/src/hid_keyboard.o
 .debug_macro   0x000000000000344d       0x7c ./example/src/hid_keyboard.o
 .debug_macro   0x00000000000034c9       0x1c ./example/src/hid_keyboard.o
 .debug_macro   0x00000000000034e5       0x40 ./example/src/hid_keyboard.o
 .debug_macro   0x0000000000003525      0x18a ./example/src/hid_keyboard.o
 .debug_macro   0x00000000000036af       0x88 ./example/src/hid_keyboard.o
 .debug_macro   0x0000000000003737       0x40 ./example/src/hid_keyboard.o
 .debug_macro   0x0000000000003777       0x2e ./example/src/hid_keyboard.o
 .debug_macro   0x00000000000037a5       0x2e ./example/src/hid_keyboard.o
 .debug_macro   0x00000000000037d3       0x9a ./example/src/hid_keyboard.o
 .debug_macro   0x000000000000386d       0x1c ./example/src/hid_keyboard.o
 .debug_macro   0x0000000000003889       0x16 ./example/src/hid_keyboard.o
 .debug_macro   0x000000000000389f      0x277 ./example/src/hid_main.o
 .debug_macro   0x0000000000003b16      0x1ba ./example/src/ms_timer.o
 .debug_macro   0x0000000000003cd0      0x1b0 ./example/src/sysinit.o
 .debug_macro   0x0000000000003e80      0x1f9 /Users/bertouttier/development/workspaces/LPCXpresso/phyx_11u35_board_lib/Debug/libphyx_11u35_board_lib.a(board.o)
 .debug_macro   0x0000000000004079      0x832 /Users/bertouttier/development/workspaces/LPCXpresso/phyx_11u35_board_lib/Debug/libphyx_11u35_board_lib.a(board.o)
 .debug_macro   0x00000000000048ab       0x12 /Users/bertouttier/development/workspaces/LPCXpresso/phyx_11u35_board_lib/Debug/libphyx_11u35_board_lib.a(board.o)
 .debug_macro   0x00000000000048bd      0x1be /Users/bertouttier/development/workspaces/LPCXpresso/phyx_11u35_board_lib/Debug/libphyx_11u35_board_lib.a(board_sysinit.o)
 .debug_macro   0x0000000000004a7b      0x17b /Users/bertouttier/development/workspaces/LPCXpresso/lpc_chip_11uxx_lib/Debug/liblpc_chip_11uxx_lib.a(clock_11xx.o)
 .debug_macro   0x0000000000004bf6      0x17b /Users/bertouttier/development/workspaces/LPCXpresso/lpc_chip_11uxx_lib/Debug/liblpc_chip_11uxx_lib.a(gpio_11xx_1.o)
 .debug_macro   0x0000000000004d71      0x17b /Users/bertouttier/development/workspaces/LPCXpresso/lpc_chip_11uxx_lib/Debug/liblpc_chip_11uxx_lib.a(iocon_11xx.o)
 .debug_macro   0x0000000000004eec      0x1a5 /Users/bertouttier/development/workspaces/LPCXpresso/lpc_chip_11uxx_lib/Debug/liblpc_chip_11uxx_lib.a(sysctl_11xx.o)

.debug_line     0x0000000000000000     0x3002
 .debug_line    0x0000000000000000      0x115 ./example/src/cr_startup_lpc11xx.o
 .debug_line    0x0000000000000115      0x2e5 ./example/src/hid_desc.o
 .debug_line    0x00000000000003fa      0x63b ./example/src/hid_keyboard.o
 .debug_line    0x0000000000000a35      0x629 ./example/src/hid_main.o
 .debug_line    0x000000000000105e      0x43e ./example/src/ms_timer.o
 .debug_line    0x000000000000149c      0x393 ./example/src/sysinit.o
 .debug_line    0x000000000000182f      0x43b /Users/bertouttier/development/workspaces/LPCXpresso/phyx_11u35_board_lib/Debug/libphyx_11u35_board_lib.a(board.o)
 .debug_line    0x0000000000001c6a      0x496 /Users/bertouttier/development/workspaces/LPCXpresso/phyx_11u35_board_lib/Debug/libphyx_11u35_board_lib.a(board_sysinit.o)
 .debug_line    0x0000000000002100      0x489 /Users/bertouttier/development/workspaces/LPCXpresso/lpc_chip_11uxx_lib/Debug/liblpc_chip_11uxx_lib.a(clock_11xx.o)
 .debug_line    0x0000000000002589      0x405 /Users/bertouttier/development/workspaces/LPCXpresso/lpc_chip_11uxx_lib/Debug/liblpc_chip_11uxx_lib.a(gpio_11xx_1.o)
 .debug_line    0x000000000000298e      0x31d /Users/bertouttier/development/workspaces/LPCXpresso/lpc_chip_11uxx_lib/Debug/liblpc_chip_11uxx_lib.a(iocon_11xx.o)
 .debug_line    0x0000000000002cab      0x357 /Users/bertouttier/development/workspaces/LPCXpresso/lpc_chip_11uxx_lib/Debug/liblpc_chip_11uxx_lib.a(sysctl_11xx.o)

.debug_str      0x0000000000000000     0xea22
 .debug_str     0x0000000000000000     0x2519 ./example/src/cr_startup_lpc11xx.o
                                       0x2537 (size before relaxing)
 .debug_str     0x0000000000002519     0x57a7 ./example/src/hid_desc.o
                                       0x7ada (size before relaxing)
 .debug_str     0x0000000000007cc0     0x56bc ./example/src/hid_keyboard.o
                                       0xd2c8 (size before relaxing)
 .debug_str     0x000000000000d37c      0x9a6 ./example/src/hid_main.o
                                       0xd855 (size before relaxing)
 .debug_str     0x000000000000dd22       0x34 ./example/src/ms_timer.o
                                       0x827a (size before relaxing)
 .debug_str     0x000000000000dd56       0x19 ./example/src/sysinit.o
                                       0x81fe (size before relaxing)
 .debug_str     0x000000000000dd6f      0x27c /Users/bertouttier/development/workspaces/LPCXpresso/phyx_11u35_board_lib/Debug/libphyx_11u35_board_lib.a(board.o)
                                       0x840d (size before relaxing)
 .debug_str     0x000000000000dfeb      0x2bd /Users/bertouttier/development/workspaces/LPCXpresso/phyx_11u35_board_lib/Debug/libphyx_11u35_board_lib.a(board_sysinit.o)
                                       0x8a04 (size before relaxing)
 .debug_str     0x000000000000e2a8      0x492 /Users/bertouttier/development/workspaces/LPCXpresso/lpc_chip_11uxx_lib/Debug/liblpc_chip_11uxx_lib.a(clock_11xx.o)
                                       0x86b4 (size before relaxing)
 .debug_str     0x000000000000e73a      0x119 /Users/bertouttier/development/workspaces/LPCXpresso/lpc_chip_11uxx_lib/Debug/liblpc_chip_11uxx_lib.a(gpio_11xx_1.o)
                                       0x8512 (size before relaxing)
 .debug_str     0x000000000000e853       0x30 /Users/bertouttier/development/workspaces/LPCXpresso/lpc_chip_11uxx_lib/Debug/liblpc_chip_11uxx_lib.a(iocon_11xx.o)
                                       0x7ecc (size before relaxing)
 .debug_str     0x000000000000e883      0x19f /Users/bertouttier/development/workspaces/LPCXpresso/lpc_chip_11uxx_lib/Debug/liblpc_chip_11uxx_lib.a(sysctl_11xx.o)
                                       0x82b7 (size before relaxing)

.comment        0x0000000000000000       0x70
 .comment       0x0000000000000000       0x70 ./example/src/cr_startup_lpc11xx.o
                                         0x71 (size before relaxing)
 .comment       0x0000000000000000       0x71 ./example/src/hid_desc.o
 .comment       0x0000000000000000       0x71 ./example/src/hid_keyboard.o
 .comment       0x0000000000000000       0x71 ./example/src/hid_main.o
 .comment       0x0000000000000000       0x71 ./example/src/ms_timer.o
 .comment       0x0000000000000000       0x71 ./example/src/sysinit.o
 .comment       0x0000000000000000       0x71 /Users/bertouttier/development/workspaces/LPCXpresso/phyx_11u35_board_lib/Debug/libphyx_11u35_board_lib.a(board.o)
 .comment       0x0000000000000000       0x71 /Users/bertouttier/development/workspaces/LPCXpresso/phyx_11u35_board_lib/Debug/libphyx_11u35_board_lib.a(board_sysinit.o)
 .comment       0x0000000000000000       0x71 /Users/bertouttier/development/workspaces/LPCXpresso/lpc_chip_11uxx_lib/Debug/liblpc_chip_11uxx_lib.a(clock_11xx.o)
 .comment       0x0000000000000000       0x71 /Users/bertouttier/development/workspaces/LPCXpresso/lpc_chip_11uxx_lib/Debug/liblpc_chip_11uxx_lib.a(gpio_11xx_1.o)
 .comment       0x0000000000000000       0x71 /Users/bertouttier/development/workspaces/LPCXpresso/lpc_chip_11uxx_lib/Debug/liblpc_chip_11uxx_lib.a(iocon_11xx.o)
 .comment       0x0000000000000000       0x71 /Users/bertouttier/development/workspaces/LPCXpresso/lpc_chip_11uxx_lib/Debug/liblpc_chip_11uxx_lib.a(sysctl_11xx.o)
 .comment       0x0000000000000000       0x71 /Applications/lpcxpresso_7.7.2_379/lpcxpresso/tools/bin/../lib/gcc/arm-none-eabi/4.9.3/../../../../arm-none-eabi/lib/armv6-m/libcr_nohost.a(_cr__main.o)
 .comment       0x0000000000000000       0x71 /Applications/lpcxpresso_7.7.2_379/lpcxpresso/tools/bin/../lib/gcc/arm-none-eabi/4.9.3/../../../../arm-none-eabi/lib/armv6-m/libcr_c.a(memcpy.o)
 .comment       0x0000000000000000       0x71 /Applications/lpcxpresso_7.7.2_379/lpcxpresso/tools/bin/../lib/gcc/arm-none-eabi/4.9.3/../../../../arm-none-eabi/lib/armv6-m/libcr_c.a(memset.o)
 .comment       0x0000000000000000       0x71 /Applications/lpcxpresso_7.7.2_379/lpcxpresso/tools/bin/../lib/gcc/arm-none-eabi/4.9.3/../../../../arm-none-eabi/lib/armv6-m/libcr_c.a(initio.o)
 .comment       0x0000000000000000       0x71 /Applications/lpcxpresso_7.7.2_379/lpcxpresso/tools/bin/../lib/gcc/arm-none-eabi/4.9.3/../../../../arm-none-eabi/lib/armv6-m/libcr_c.a(setvbuf.o)
 .comment       0x0000000000000000       0x71 /Applications/lpcxpresso_7.7.2_379/lpcxpresso/tools/bin/../lib/gcc/arm-none-eabi/4.9.3/../../../../arm-none-eabi/lib/armv6-m/libcr_c.a(stdio.o)
 .comment       0x0000000000000000       0x71 /Applications/lpcxpresso_7.7.2_379/lpcxpresso/tools/bin/../lib/gcc/arm-none-eabi/4.9.3/../../../../arm-none-eabi/lib/armv6-m/libcr_c.a(_deferredlazyseek.o)
 .comment       0x0000000000000000       0x71 /Applications/lpcxpresso_7.7.2_379/lpcxpresso/tools/bin/../lib/gcc/arm-none-eabi/4.9.3/../../../../arm-none-eabi/lib/armv6-m/libcr_c.a(_fdopen.o)
 .comment       0x0000000000000000       0x71 /Applications/lpcxpresso_7.7.2_379/lpcxpresso/tools/bin/../lib/gcc/arm-none-eabi/4.9.3/../../../../arm-none-eabi/lib/armv6-m/libcr_c.a(_fflush.o)
 .comment       0x0000000000000000       0x71 /Applications/lpcxpresso_7.7.2_379/lpcxpresso/tools/bin/../lib/gcc/arm-none-eabi/4.9.3/../../../../arm-none-eabi/lib/armv6-m/libcr_c.a(_writebuf.o)
 .comment       0x0000000000000000       0x71 /Applications/lpcxpresso_7.7.2_379/lpcxpresso/tools/bin/../lib/gcc/arm-none-eabi/4.9.3/../../../../arm-none-eabi/lib/armv6-m/libcr_c.a(alloc.o)
 .comment       0x0000000000000000       0x71 /Applications/lpcxpresso_7.7.2_379/lpcxpresso/tools/bin/../lib/gcc/arm-none-eabi/4.9.3/../../../../arm-none-eabi/lib/armv6-m/libcr_c.a(fclose.o)
 .comment       0x0000000000000000       0x71 /Applications/lpcxpresso_7.7.2_379/lpcxpresso/tools/bin/../lib/gcc/arm-none-eabi/4.9.3/../../../../arm-none-eabi/lib/armv6-m/libcr_c.a(fflush.o)
 .comment       0x0000000000000000       0x71 /Applications/lpcxpresso_7.7.2_379/lpcxpresso/tools/bin/../lib/gcc/arm-none-eabi/4.9.3/../../../../arm-none-eabi/lib/armv6-m/libcr_c.a(fseek.o)
 .comment       0x0000000000000000       0x71 /Applications/lpcxpresso_7.7.2_379/lpcxpresso/tools/bin/../lib/gcc/arm-none-eabi/4.9.3/../../../../arm-none-eabi/lib/armv6-m/libcr_c.a(ftell.o)
 .comment       0x0000000000000000       0x71 /Applications/lpcxpresso_7.7.2_379/lpcxpresso/tools/bin/../lib/gcc/arm-none-eabi/4.9.3/../../../../arm-none-eabi/lib/armv6-m/libcr_c.a(remove.o)
 .comment       0x0000000000000000       0x71 /Applications/lpcxpresso_7.7.2_379/lpcxpresso/tools/bin/../lib/gcc/arm-none-eabi/4.9.3/../../../../arm-none-eabi/lib/armv6-m/libcr_c.a(strlen.o)
 .comment       0x0000000000000000       0x71 /Applications/lpcxpresso_7.7.2_379/lpcxpresso/tools/bin/../lib/gcc/arm-none-eabi/4.9.3/../../../../arm-none-eabi/lib/armv6-m/libcr_c.a(__init_alloc.o)
 .comment       0x0000000000000000       0x71 /Applications/lpcxpresso_7.7.2_379/lpcxpresso/tools/bin/../lib/gcc/arm-none-eabi/4.9.3/../../../../arm-none-eabi/lib/armv6-m/libcr_c.a(_cr_sbrk.o)
 .comment       0x0000000000000000       0x71 /Applications/lpcxpresso_7.7.2_379/lpcxpresso/tools/bin/../lib/gcc/arm-none-eabi/4.9.3/../../../../arm-none-eabi/lib/armv6-m/libcr_c.a(_do_fflush.o)
 .comment       0x0000000000000000       0x71 /Applications/lpcxpresso_7.7.2_379/lpcxpresso/tools/bin/../lib/gcc/arm-none-eabi/4.9.3/../../../../arm-none-eabi/lib/armv6-m/libcr_c.a(errno.o)
 .comment       0x0000000000000000       0x71 /Applications/lpcxpresso_7.7.2_379/lpcxpresso/tools/bin/../lib/gcc/arm-none-eabi/4.9.3/../../../../arm-none-eabi/lib/armv6-m/libcr_c.a(_cr_check_heap.o)
 .comment       0x0000000000000000       0x71 /Applications/lpcxpresso_7.7.2_379/lpcxpresso/tools/bin/../lib/gcc/arm-none-eabi/4.9.3/../../../../arm-none-eabi/lib/armv6-m/libcr_nohost.a(__sys_appexit.o)
 .comment       0x0000000000000000       0x71 /Applications/lpcxpresso_7.7.2_379/lpcxpresso/tools/bin/../lib/gcc/arm-none-eabi/4.9.3/../../../../arm-none-eabi/lib/armv6-m/libcr_nohost.a(__sys_close.o)
 .comment       0x0000000000000000       0x71 /Applications/lpcxpresso_7.7.2_379/lpcxpresso/tools/bin/../lib/gcc/arm-none-eabi/4.9.3/../../../../arm-none-eabi/lib/armv6-m/libcr_nohost.a(__sys_flen.o)
 .comment       0x0000000000000000       0x71 /Applications/lpcxpresso_7.7.2_379/lpcxpresso/tools/bin/../lib/gcc/arm-none-eabi/4.9.3/../../../../arm-none-eabi/lib/armv6-m/libcr_nohost.a(__sys_istty.o)
 .comment       0x0000000000000000       0x71 /Applications/lpcxpresso_7.7.2_379/lpcxpresso/tools/bin/../lib/gcc/arm-none-eabi/4.9.3/../../../../arm-none-eabi/lib/armv6-m/libcr_nohost.a(__sys_remove.o)
 .comment       0x0000000000000000       0x71 /Applications/lpcxpresso_7.7.2_379/lpcxpresso/tools/bin/../lib/gcc/arm-none-eabi/4.9.3/../../../../arm-none-eabi/lib/armv6-m/libcr_nohost.a(__sys_seek.o)
 .comment       0x0000000000000000       0x71 /Applications/lpcxpresso_7.7.2_379/lpcxpresso/tools/bin/../lib/gcc/arm-none-eabi/4.9.3/../../../../arm-none-eabi/lib/armv6-m/libcr_nohost.a(__sys_tmpnam.o)
 .comment       0x0000000000000000       0x71 /Applications/lpcxpresso_7.7.2_379/lpcxpresso/tools/bin/../lib/gcc/arm-none-eabi/4.9.3/../../../../arm-none-eabi/lib/armv6-m/libcr_nohost.a(__sys_write.o)

.ARM.attributes
                0x0000000000000000       0x2f
 .ARM.attributes
                0x0000000000000000       0x31 ./example/src/cr_startup_lpc11xx.o
 .ARM.attributes
                0x0000000000000031       0x31 ./example/src/hid_desc.o
 .ARM.attributes
                0x0000000000000062       0x31 ./example/src/hid_keyboard.o
 .ARM.attributes
                0x0000000000000093       0x31 ./example/src/hid_main.o
 .ARM.attributes
                0x00000000000000c4       0x31 ./example/src/ms_timer.o
 .ARM.attributes
                0x00000000000000f5       0x31 ./example/src/sysinit.o
 .ARM.attributes
                0x0000000000000126       0x31 /Users/bertouttier/development/workspaces/LPCXpresso/phyx_11u35_board_lib/Debug/libphyx_11u35_board_lib.a(board.o)
 .ARM.attributes
                0x0000000000000157       0x31 /Users/bertouttier/development/workspaces/LPCXpresso/phyx_11u35_board_lib/Debug/libphyx_11u35_board_lib.a(board_sysinit.o)
 .ARM.attributes
                0x0000000000000188       0x31 /Users/bertouttier/development/workspaces/LPCXpresso/lpc_chip_11uxx_lib/Debug/liblpc_chip_11uxx_lib.a(clock_11xx.o)
 .ARM.attributes
                0x00000000000001b9       0x31 /Users/bertouttier/development/workspaces/LPCXpresso/lpc_chip_11uxx_lib/Debug/liblpc_chip_11uxx_lib.a(gpio_11xx_1.o)
 .ARM.attributes
                0x00000000000001ea       0x31 /Users/bertouttier/development/workspaces/LPCXpresso/lpc_chip_11uxx_lib/Debug/liblpc_chip_11uxx_lib.a(iocon_11xx.o)
 .ARM.attributes
                0x000000000000021b       0x31 /Users/bertouttier/development/workspaces/LPCXpresso/lpc_chip_11uxx_lib/Debug/liblpc_chip_11uxx_lib.a(sysctl_11xx.o)
 .ARM.attributes
                0x000000000000024c       0x31 /Applications/lpcxpresso_7.7.2_379/lpcxpresso/tools/bin/../lib/gcc/arm-none-eabi/4.9.3/../../../../arm-none-eabi/lib/armv6-m/libcr_nohost.a(_cr__main.o)
 .ARM.attributes
                0x000000000000027d       0x31 /Applications/lpcxpresso_7.7.2_379/lpcxpresso/tools/bin/../lib/gcc/arm-none-eabi/4.9.3/../../../../arm-none-eabi/lib/armv6-m/libcr_c.a(memcpy.o)
 .ARM.attributes
                0x00000000000002ae       0x31 /Applications/lpcxpresso_7.7.2_379/lpcxpresso/tools/bin/../lib/gcc/arm-none-eabi/4.9.3/../../../../arm-none-eabi/lib/armv6-m/libcr_c.a(memset.o)
 .ARM.attributes
                0x00000000000002df       0x31 /Applications/lpcxpresso_7.7.2_379/lpcxpresso/tools/bin/../lib/gcc/arm-none-eabi/4.9.3/../../../../arm-none-eabi/lib/armv6-m/libcr_c.a(initio.o)
 .ARM.attributes
                0x0000000000000310       0x31 /Applications/lpcxpresso_7.7.2_379/lpcxpresso/tools/bin/../lib/gcc/arm-none-eabi/4.9.3/../../../../arm-none-eabi/lib/armv6-m/libcr_c.a(setvbuf.o)
 .ARM.attributes
                0x0000000000000341       0x31 /Applications/lpcxpresso_7.7.2_379/lpcxpresso/tools/bin/../lib/gcc/arm-none-eabi/4.9.3/../../../../arm-none-eabi/lib/armv6-m/libcr_c.a(stdio.o)
 .ARM.attributes
                0x0000000000000372       0x31 /Applications/lpcxpresso_7.7.2_379/lpcxpresso/tools/bin/../lib/gcc/arm-none-eabi/4.9.3/../../../../arm-none-eabi/lib/armv6-m/libcr_c.a(_deferredlazyseek.o)
 .ARM.attributes
                0x00000000000003a3       0x31 /Applications/lpcxpresso_7.7.2_379/lpcxpresso/tools/bin/../lib/gcc/arm-none-eabi/4.9.3/../../../../arm-none-eabi/lib/armv6-m/libcr_c.a(_fdopen.o)
 .ARM.attributes
                0x00000000000003d4       0x31 /Applications/lpcxpresso_7.7.2_379/lpcxpresso/tools/bin/../lib/gcc/arm-none-eabi/4.9.3/../../../../arm-none-eabi/lib/armv6-m/libcr_c.a(_fflush.o)
 .ARM.attributes
                0x0000000000000405       0x31 /Applications/lpcxpresso_7.7.2_379/lpcxpresso/tools/bin/../lib/gcc/arm-none-eabi/4.9.3/../../../../arm-none-eabi/lib/armv6-m/libcr_c.a(_writebuf.o)
 .ARM.attributes
                0x0000000000000436       0x31 /Applications/lpcxpresso_7.7.2_379/lpcxpresso/tools/bin/../lib/gcc/arm-none-eabi/4.9.3/../../../../arm-none-eabi/lib/armv6-m/libcr_c.a(alloc.o)
 .ARM.attributes
                0x0000000000000467       0x31 /Applications/lpcxpresso_7.7.2_379/lpcxpresso/tools/bin/../lib/gcc/arm-none-eabi/4.9.3/../../../../arm-none-eabi/lib/armv6-m/libcr_c.a(fclose.o)
 .ARM.attributes
                0x0000000000000498       0x31 /Applications/lpcxpresso_7.7.2_379/lpcxpresso/tools/bin/../lib/gcc/arm-none-eabi/4.9.3/../../../../arm-none-eabi/lib/armv6-m/libcr_c.a(fflush.o)
 .ARM.attributes
                0x00000000000004c9       0x31 /Applications/lpcxpresso_7.7.2_379/lpcxpresso/tools/bin/../lib/gcc/arm-none-eabi/4.9.3/../../../../arm-none-eabi/lib/armv6-m/libcr_c.a(fseek.o)
 .ARM.attributes
                0x00000000000004fa       0x31 /Applications/lpcxpresso_7.7.2_379/lpcxpresso/tools/bin/../lib/gcc/arm-none-eabi/4.9.3/../../../../arm-none-eabi/lib/armv6-m/libcr_c.a(ftell.o)
 .ARM.attributes
                0x000000000000052b       0x31 /Applications/lpcxpresso_7.7.2_379/lpcxpresso/tools/bin/../lib/gcc/arm-none-eabi/4.9.3/../../../../arm-none-eabi/lib/armv6-m/libcr_c.a(remove.o)
 .ARM.attributes
                0x000000000000055c       0x31 /Applications/lpcxpresso_7.7.2_379/lpcxpresso/tools/bin/../lib/gcc/arm-none-eabi/4.9.3/../../../../arm-none-eabi/lib/armv6-m/libcr_c.a(strlen.o)
 .ARM.attributes
                0x000000000000058d       0x31 /Applications/lpcxpresso_7.7.2_379/lpcxpresso/tools/bin/../lib/gcc/arm-none-eabi/4.9.3/../../../../arm-none-eabi/lib/armv6-m/libcr_c.a(__init_alloc.o)
 .ARM.attributes
                0x00000000000005be       0x31 /Applications/lpcxpresso_7.7.2_379/lpcxpresso/tools/bin/../lib/gcc/arm-none-eabi/4.9.3/../../../../arm-none-eabi/lib/armv6-m/libcr_c.a(_cr_sbrk.o)
 .ARM.attributes
                0x00000000000005ef       0x31 /Applications/lpcxpresso_7.7.2_379/lpcxpresso/tools/bin/../lib/gcc/arm-none-eabi/4.9.3/../../../../arm-none-eabi/lib/armv6-m/libcr_c.a(_do_fflush.o)
 .ARM.attributes
                0x0000000000000620       0x31 /Applications/lpcxpresso_7.7.2_379/lpcxpresso/tools/bin/../lib/gcc/arm-none-eabi/4.9.3/../../../../arm-none-eabi/lib/armv6-m/libcr_c.a(errno.o)
 .ARM.attributes
                0x0000000000000651       0x31 /Applications/lpcxpresso_7.7.2_379/lpcxpresso/tools/bin/../lib/gcc/arm-none-eabi/4.9.3/../../../../arm-none-eabi/lib/armv6-m/libcr_c.a(_cr_check_heap.o)
 .ARM.attributes
                0x0000000000000682       0x21 /Applications/lpcxpresso_7.7.2_379/lpcxpresso/tools/bin/../lib/gcc/arm-none-eabi/4.9.3/armv6-m/libcr_eabihelpers.a(division_32.o)
 .ARM.attributes
                0x00000000000006a3       0x21 /Applications/lpcxpresso_7.7.2_379/lpcxpresso/tools/bin/../lib/gcc/arm-none-eabi/4.9.3/armv6-m/libcr_eabihelpers.a(division_idiv0.o)
 .ARM.attributes
                0x00000000000006c4       0x21 /Applications/lpcxpresso_7.7.2_379/lpcxpresso/tools/bin/../lib/gcc/arm-none-eabi/4.9.3/armv6-m/libcr_eabihelpers.a(memcpy.o)
 .ARM.attributes
                0x00000000000006e5       0x31 /Applications/lpcxpresso_7.7.2_379/lpcxpresso/tools/bin/../lib/gcc/arm-none-eabi/4.9.3/../../../../arm-none-eabi/lib/armv6-m/libcr_nohost.a(__sys_appexit.o)
 .ARM.attributes
                0x0000000000000716       0x31 /Applications/lpcxpresso_7.7.2_379/lpcxpresso/tools/bin/../lib/gcc/arm-none-eabi/4.9.3/../../../../arm-none-eabi/lib/armv6-m/libcr_nohost.a(__sys_close.o)
 .ARM.attributes
                0x0000000000000747       0x31 /Applications/lpcxpresso_7.7.2_379/lpcxpresso/tools/bin/../lib/gcc/arm-none-eabi/4.9.3/../../../../arm-none-eabi/lib/armv6-m/libcr_nohost.a(__sys_flen.o)
 .ARM.attributes
                0x0000000000000778       0x31 /Applications/lpcxpresso_7.7.2_379/lpcxpresso/tools/bin/../lib/gcc/arm-none-eabi/4.9.3/../../../../arm-none-eabi/lib/armv6-m/libcr_nohost.a(__sys_istty.o)
 .ARM.attributes
                0x00000000000007a9       0x31 /Applications/lpcxpresso_7.7.2_379/lpcxpresso/tools/bin/../lib/gcc/arm-none-eabi/4.9.3/../../../../arm-none-eabi/lib/armv6-m/libcr_nohost.a(__sys_remove.o)
 .ARM.attributes
                0x00000000000007da       0x31 /Applications/lpcxpresso_7.7.2_379/lpcxpresso/tools/bin/../lib/gcc/arm-none-eabi/4.9.3/../../../../arm-none-eabi/lib/armv6-m/libcr_nohost.a(__sys_seek.o)
 .ARM.attributes
                0x000000000000080b       0x31 /Applications/lpcxpresso_7.7.2_379/lpcxpresso/tools/bin/../lib/gcc/arm-none-eabi/4.9.3/../../../../arm-none-eabi/lib/armv6-m/libcr_nohost.a(__sys_tmpnam.o)
 .ARM.attributes
                0x000000000000083c       0x31 /Applications/lpcxpresso_7.7.2_379/lpcxpresso/tools/bin/../lib/gcc/arm-none-eabi/4.9.3/../../../../arm-none-eabi/lib/armv6-m/libcr_nohost.a(__sys_write.o)

.debug_frame    0x0000000000000000      0xa84
 .debug_frame   0x0000000000000000       0xb0 ./example/src/cr_startup_lpc11xx.o
 .debug_frame   0x00000000000000b0      0x150 ./example/src/hid_keyboard.o
 .debug_frame   0x0000000000000200      0x12c ./example/src/hid_main.o
 .debug_frame   0x000000000000032c       0x8c ./example/src/ms_timer.o
 .debug_frame   0x00000000000003b8       0x2c ./example/src/sysinit.o
 .debug_frame   0x00000000000003e4       0xe8 /Users/bertouttier/development/workspaces/LPCXpresso/phyx_11u35_board_lib/Debug/libphyx_11u35_board_lib.a(board.o)
 .debug_frame   0x00000000000004cc      0x148 /Users/bertouttier/development/workspaces/LPCXpresso/phyx_11u35_board_lib/Debug/libphyx_11u35_board_lib.a(board_sysinit.o)
 .debug_frame   0x0000000000000614      0x220 /Users/bertouttier/development/workspaces/LPCXpresso/lpc_chip_11uxx_lib/Debug/liblpc_chip_11uxx_lib.a(clock_11xx.o)
 .debug_frame   0x0000000000000834      0x190 /Users/bertouttier/development/workspaces/LPCXpresso/lpc_chip_11uxx_lib/Debug/liblpc_chip_11uxx_lib.a(gpio_11xx_1.o)
 .debug_frame   0x00000000000009c4       0x30 /Users/bertouttier/development/workspaces/LPCXpresso/lpc_chip_11uxx_lib/Debug/liblpc_chip_11uxx_lib.a(iocon_11xx.o)
 .debug_frame   0x00000000000009f4       0x90 /Users/bertouttier/development/workspaces/LPCXpresso/lpc_chip_11uxx_lib/Debug/liblpc_chip_11uxx_lib.a(sysctl_11xx.o)
